// Jest Snapshot v1, https://goo.gl/fbAQLP

exports[`style 1`] = `"{\\"v\\":\\"4.8.0\\",\\"meta\\":{\\"g\\":\\"LottieFiles AE \\",\\"a\\":\\"\\",\\"k\\":\\"\\",\\"d\\":\\"\\",\\"tc\\":\\"\\"},\\"fr\\":30,\\"ip\\":0,\\"op\\":61,\\"w\\":1080,\\"h\\":1080,\\"nm\\":\\"Bounce Shapes\\",\\"ddd\\":0,\\"assets\\":[],\\"layers\\":[{\\"ddd\\":0,\\"ind\\":1,\\"ty\\":4,\\"nm\\":\\"Bounce\\",\\"sr\\":1,\\"ks\\":{\\"o\\":{\\"a\\":0,\\"k\\":100,\\"ix\\":11},\\"r\\":{\\"a\\":1,\\"k\\":[{\\"i\\":{\\"x\\":[0.833],\\"y\\":[0.833]},\\"o\\":{\\"x\\":[0.167],\\"y\\":[0.167]},\\"t\\":0,\\"s\\":[0]},{\\"t\\":58,\\"s\\":[349.032]}],\\"ix\\":10},\\"p\\":{\\"s\\":true,\\"x\\":{\\"a\\":0,\\"k\\":540,\\"ix\\":3},\\"y\\":{\\"a\\":1,\\"k\\":[{\\"i\\":{\\"x\\":[0.67],\\"y\\":[0.343]},\\"o\\":{\\"x\\":[0.33],\\"y\\":[0]},\\"t\\":0,\\"s\\":[152]},{\\"i\\":{\\"x\\":[0.67],\\"y\\":[1]},\\"o\\":{\\"x\\":[0.33],\\"y\\":[0]},\\"t\\":15,\\"s\\":[915]},{\\"i\\":{\\"x\\":[0.67],\\"y\\":[0.343]},\\"o\\":{\\"x\\":[0.33],\\"y\\":[0]},\\"t\\":30,\\"s\\":[152]},{\\"i\\":{\\"x\\":[0.67],\\"y\\":[1]},\\"o\\":{\\"x\\":[0.33],\\"y\\":[0]},\\"t\\":45,\\"s\\":[915]},{\\"t\\":60,\\"s\\":[152]}],\\"ix\\":4}},\\"a\\":{\\"a\\":0,\\"k\\":[0,0,0],\\"ix\\":1},\\"s\\":{\\"a\\":0,\\"k\\":[100,100,100],\\"ix\\":6}},\\"ao\\":0,\\"shapes\\":[{\\"ty\\":\\"rc\\",\\"d\\":1,\\"s\\":{\\"a\\":0,\\"k\\":[270,270],\\"ix\\":2},\\"p\\":{\\"a\\":0,\\"k\\":[0,0],\\"ix\\":3},\\"r\\":{\\"a\\":1,\\"k\\":[{\\"i\\":{\\"x\\":[0.667],\\"y\\":[1]},\\"o\\":{\\"x\\":[0.333],\\"y\\":[0]},\\"t\\":15,\\"s\\":[135]},{\\"i\\":{\\"x\\":[0.667],\\"y\\":[1]},\\"o\\":{\\"x\\":[0.333],\\"y\\":[0]},\\"t\\":30,\\"s\\":[33.75]},{\\"i\\":{\\"x\\":[0.667],\\"y\\":[1]},\\"o\\":{\\"x\\":[0.333],\\"y\\":[0]},\\"t\\":45,\\"s\\":[33.75]},{\\"t\\":60,\\"s\\":[135]}],\\"ix\\":4},\\"nm\\":\\"Shape\\",\\"mn\\":\\"ADBE Vector Shape - Rect\\",\\"hd\\":false},{\\"ty\\":\\"fl\\",\\"c\\":{\\"a\\":0,\\"k\\":[0.960784316063,0.760784327984,0.266666680574,1],\\"ix\\":4},\\"o\\":{\\"a\\":0,\\"k\\":100,\\"ix\\":5},\\"r\\":1,\\"bm\\":0,\\"nm\\":\\"Color\\",\\"mn\\":\\"ADBE Vector Graphic - Fill\\",\\"hd\\":false}],\\"ip\\":0,\\"op\\":61,\\"st\\":0,\\"bm\\":0},{\\"ddd\\":0,\\"ind\\":2,\\"ty\\":4,\\"nm\\":\\"Shadow\\",\\"sr\\":1,\\"ks\\":{\\"o\\":{\\"a\\":1,\\"k\\":[{\\"i\\":{\\"x\\":[0.667],\\"y\\":[1]},\\"o\\":{\\"x\\":[0.333],\\"y\\":[0]},\\"t\\":0,\\"s\\":[10]},{\\"i\\":{\\"x\\":[0.667],\\"y\\":[1]},\\"o\\":{\\"x\\":[0.333],\\"y\\":[0]},\\"t\\":15,\\"s\\":[100]},{\\"i\\":{\\"x\\":[0.667],\\"y\\":[1]},\\"o\\":{\\"x\\":[0.333],\\"y\\":[0]},\\"t\\":30,\\"s\\":[10]},{\\"i\\":{\\"x\\":[0.667],\\"y\\":[1]},\\"o\\":{\\"x\\":[0.333],\\"y\\":[0]},\\"t\\":45,\\"s\\":[100]},{\\"t\\":60,\\"s\\":[10]}],\\"ix\\":11},\\"r\\":{\\"a\\":0,\\"k\\":0,\\"ix\\":10},\\"p\\":{\\"a\\":0,\\"k\\":[540,1051,0],\\"ix\\":2},\\"a\\":{\\"a\\":0,\\"k\\":[0,0,0],\\"ix\\":1},\\"s\\":{\\"a\\":0,\\"k\\":[50,50,100],\\"ix\\":6}},\\"ao\\":0,\\"shapes\\":[{\\"ty\\":\\"rc\\",\\"d\\":1,\\"s\\":{\\"a\\":1,\\"k\\":[{\\"i\\":{\\"x\\":[0.667,0.667],\\"y\\":[1,1]},\\"o\\":{\\"x\\":[0.333,0.333],\\"y\\":[0,0]},\\"t\\":0,\\"s\\":[270,13.5]},{\\"i\\":{\\"x\\":[0.667,0.667],\\"y\\":[1,1]},\\"o\\":{\\"x\\":[0.333,0.333],\\"y\\":[0,0]},\\"t\\":15,\\"s\\":[540,13.5]},{\\"i\\":{\\"x\\":[0.667,0.667],\\"y\\":[1,1]},\\"o\\":{\\"x\\":[0.333,0.333],\\"y\\":[0,0]},\\"t\\":30,\\"s\\":[270,13.5]},{\\"i\\":{\\"x\\":[0.667,0.667],\\"y\\":[1,1]},\\"o\\":{\\"x\\":[0.333,0.333],\\"y\\":[0,0]},\\"t\\":45,\\"s\\":[540,13.5]},{\\"t\\":60,\\"s\\":[270,13.5]}],\\"ix\\":2},\\"p\\":{\\"a\\":0,\\"k\\":[0,0],\\"ix\\":3},\\"r\\":{\\"a\\":0,\\"k\\":790,\\"ix\\":4},\\"nm\\":\\"Rectangle Path 1\\",\\"mn\\":\\"ADBE Vector Shape - Rect\\",\\"hd\\":false},{\\"ty\\":\\"fl\\",\\"c\\":{\\"a\\":0,\\"k\\":[0.113725490868,0.113725490868,0.113725490868,1],\\"ix\\":4},\\"o\\":{\\"a\\":0,\\"k\\":100,\\"ix\\":5},\\"r\\":1,\\"bm\\":0,\\"nm\\":\\"Fill 1\\",\\"mn\\":\\"ADBE Vector Graphic - Fill\\",\\"hd\\":false}],\\"ip\\":0,\\"op\\":61,\\"st\\":0,\\"bm\\":0},{\\"ddd\\":0,\\"ind\\":3,\\"ty\\":4,\\"nm\\":\\"Background\\",\\"sr\\":1,\\"ks\\":{\\"o\\":{\\"a\\":0,\\"k\\":100,\\"ix\\":11},\\"r\\":{\\"a\\":0,\\"k\\":0,\\"ix\\":10},\\"p\\":{\\"a\\":0,\\"k\\":[540,540,0],\\"ix\\":2},\\"a\\":{\\"a\\":0,\\"k\\":[0,0,0],\\"ix\\":1},\\"s\\":{\\"a\\":0,\\"k\\":[100,100,100],\\"ix\\":6}},\\"ao\\":0,\\"shapes\\":[{\\"ty\\":\\"gr\\",\\"it\\":[{\\"ty\\":\\"rc\\",\\"d\\":1,\\"s\\":{\\"a\\":0,\\"k\\":[1080,1080],\\"ix\\":2},\\"p\\":{\\"a\\":0,\\"k\\":[0,0],\\"ix\\":3},\\"r\\":{\\"a\\":0,\\"k\\":0,\\"ix\\":4},\\"nm\\":\\"Rectangle Path\\",\\"mn\\":\\"ADBE Vector Shape - Rect\\",\\"hd\\":false},{\\"ty\\":\\"fl\\",\\"c\\":{\\"a\\":0,\\"k\\":[0,0,1,1],\\"ix\\":4},\\"o\\":{\\"a\\":0,\\"k\\":100,\\"ix\\":5},\\"r\\":1,\\"bm\\":0,\\"nm\\":\\"Fill\\",\\"mn\\":\\"ADBE Vector Graphic - Fill\\",\\"hd\\":false,\\"cl\\":\\"background\\"},{\\"ty\\":\\"tr\\",\\"p\\":{\\"a\\":0,\\"k\\":[0,0],\\"ix\\":2},\\"a\\":{\\"a\\":0,\\"k\\":[0,0],\\"ix\\":1},\\"s\\":{\\"a\\":0,\\"k\\":[100,100],\\"ix\\":3},\\"r\\":{\\"a\\":0,\\"k\\":0,\\"ix\\":6},\\"o\\":{\\"a\\":0,\\"k\\":100,\\"ix\\":7},\\"sk\\":{\\"a\\":0,\\"k\\":0,\\"ix\\":4},\\"sa\\":{\\"a\\":0,\\"k\\":0,\\"ix\\":5},\\"nm\\":\\"Transform\\"}],\\"nm\\":\\"Group\\",\\"np\\":3,\\"cix\\":2,\\"bm\\":0,\\"ix\\":1,\\"mn\\":\\"ADBE Vector Group\\",\\"hd\\":false}],\\"ip\\":0,\\"op\\":61,\\"st\\":0,\\"bm\\":0}],\\"markers\\":[]}"`;
